Archive member included because of file (symbol)

c:/winavr-20100110/bin/../lib/gcc/avr/4.3.3/avr5\libgcc.a(_udivmodsi4.o)
                              ./MCAL/UART/uart.o (__udivmodsi4)
c:/winavr-20100110/bin/../lib/gcc/avr/4.3.3/avr5\libgcc.a(_exit.o)
                              c:/winavr-20100110/bin/../lib/gcc/avr/4.3.3/../../../../avr/lib/avr5/crtm32.o (exit)
c:/winavr-20100110/bin/../lib/gcc/avr/4.3.3/avr5\libgcc.a(_copy_data.o)
                              ./HAL/EEPROM/external_eeprom.o (__do_copy_data)
c:/winavr-20100110/bin/../lib/gcc/avr/4.3.3/avr5\libgcc.a(_clear_bss.o)
                              ./MCAL/TIMER/timer.o (__do_clear_bss)
c:/winavr-20100110/bin/../lib/gcc/avr/4.3.3/avr5\libgcc.a(_fixunssfsi.o)
                              ./HAL/DC-MOTOR/dc_motor.o (__fixunssfsi)
c:/winavr-20100110/bin/../lib/gcc/avr/4.3.3/avr5\libgcc.a(_addsub_sf.o)
                              c:/winavr-20100110/bin/../lib/gcc/avr/4.3.3/avr5\libgcc.a(_fixunssfsi.o) (__subsf3)
c:/winavr-20100110/bin/../lib/gcc/avr/4.3.3/avr5\libgcc.a(_mul_sf.o)
                              ./HAL/DC-MOTOR/dc_motor.o (__mulsf3)
c:/winavr-20100110/bin/../lib/gcc/avr/4.3.3/avr5\libgcc.a(_ge_sf.o)
                              c:/winavr-20100110/bin/../lib/gcc/avr/4.3.3/avr5\libgcc.a(_fixunssfsi.o) (__gesf2)
c:/winavr-20100110/bin/../lib/gcc/avr/4.3.3/avr5\libgcc.a(_si_to_sf.o)
                              ./HAL/DC-MOTOR/dc_motor.o (__floatsisf)
c:/winavr-20100110/bin/../lib/gcc/avr/4.3.3/avr5\libgcc.a(_sf_to_si.o)
                              c:/winavr-20100110/bin/../lib/gcc/avr/4.3.3/avr5\libgcc.a(_fixunssfsi.o) (__fixsfsi)
c:/winavr-20100110/bin/../lib/gcc/avr/4.3.3/avr5\libgcc.a(_thenan_sf.o)
                              c:/winavr-20100110/bin/../lib/gcc/avr/4.3.3/avr5\libgcc.a(_addsub_sf.o) (__thenan_sf)
c:/winavr-20100110/bin/../lib/gcc/avr/4.3.3/avr5\libgcc.a(_prologue.o)
                              c:/winavr-20100110/bin/../lib/gcc/avr/4.3.3/avr5\libgcc.a(_addsub_sf.o) (__prologue_saves__)
c:/winavr-20100110/bin/../lib/gcc/avr/4.3.3/avr5\libgcc.a(_epilogue.o)
                              c:/winavr-20100110/bin/../lib/gcc/avr/4.3.3/avr5\libgcc.a(_addsub_sf.o) (__epilogue_restores__)
c:/winavr-20100110/bin/../lib/gcc/avr/4.3.3/avr5\libgcc.a(_clzsi2.o)
                              c:/winavr-20100110/bin/../lib/gcc/avr/4.3.3/avr5\libgcc.a(_si_to_sf.o) (__clzsi2)
c:/winavr-20100110/bin/../lib/gcc/avr/4.3.3/avr5\libgcc.a(_pack_sf.o)
                              c:/winavr-20100110/bin/../lib/gcc/avr/4.3.3/avr5\libgcc.a(_addsub_sf.o) (__pack_f)
c:/winavr-20100110/bin/../lib/gcc/avr/4.3.3/avr5\libgcc.a(_unpack_sf.o)
                              c:/winavr-20100110/bin/../lib/gcc/avr/4.3.3/avr5\libgcc.a(_addsub_sf.o) (__unpack_f)
c:/winavr-20100110/bin/../lib/gcc/avr/4.3.3/avr5\libgcc.a(_fpcmp_parts_sf.o)
                              c:/winavr-20100110/bin/../lib/gcc/avr/4.3.3/avr5\libgcc.a(_ge_sf.o) (__fpcmp_parts_f)
c:/winavr-20100110/bin/../lib/gcc/avr/4.3.3/avr5\libgcc.a(_clz.o)
                              c:/winavr-20100110/bin/../lib/gcc/avr/4.3.3/avr5\libgcc.a(_clzsi2.o) (__clz_tab)

Allocating common symbols
Common symbol       size              file

command             0x1               ./Application/CONTROL _ECU.o
g_password          0x5               ./Application/CONTROL _ECU.o
savedpass           0x5               ./Application/CONTROL _ECU.o
g_pass2             0x5               ./Application/CONTROL _ECU.o

Memory Configuration

Name             Origin             Length             Attributes
text             0x00000000         0x00020000         xr
data             0x00800060         0x0000ffa0         rw !x
eeprom           0x00810000         0x00010000         rw !x
fuse             0x00820000         0x00000400         rw !x
lock             0x00830000         0x00000400         rw !x
signature        0x00840000         0x00000400         rw !x
*default*        0x00000000         0xffffffff

Linker script and memory map

LOAD c:/winavr-20100110/bin/../lib/gcc/avr/4.3.3/../../../../avr/lib/avr5/crtm32.o
LOAD ./MCAL/UART/uart.o
LOAD ./MCAL/TIMER/timer.o
LOAD ./MCAL/I2C/twi.o
LOAD ./MCAL/GPIO/gpio.o
LOAD ./HAL/EEPROM/external_eeprom.o
LOAD ./HAL/DC-MOTOR/dc_motor.o
LOAD ./HAL/BUZZER/buzzer.o
LOAD ./Application/CONTROL _ECU.o
LOAD c:/winavr-20100110/bin/../lib/gcc/avr/4.3.3/avr5\libgcc.a
LOAD c:/winavr-20100110/bin/../lib/gcc/avr/4.3.3/../../../../avr/lib/avr5\libc.a
LOAD c:/winavr-20100110/bin/../lib/gcc/avr/4.3.3/avr5\libgcc.a

.hash
 *(.hash)

.dynsym
 *(.dynsym)

.dynstr
 *(.dynstr)

.gnu.version
 *(.gnu.version)

.gnu.version_d
 *(.gnu.version_d)

.gnu.version_r
 *(.gnu.version_r)

.rel.init
 *(.rel.init)

.rela.init
 *(.rela.init)

.rel.text
 *(.rel.text)
 *(.rel.text.*)
 *(.rel.gnu.linkonce.t*)

.rela.text
 *(.rela.text)
 *(.rela.text.*)
 *(.rela.gnu.linkonce.t*)

.rel.fini
 *(.rel.fini)

.rela.fini
 *(.rela.fini)

.rel.rodata
 *(.rel.rodata)
 *(.rel.rodata.*)
 *(.rel.gnu.linkonce.r*)

.rela.rodata
 *(.rela.rodata)
 *(.rela.rodata.*)
 *(.rela.gnu.linkonce.r*)

.rel.data
 *(.rel.data)
 *(.rel.data.*)
 *(.rel.gnu.linkonce.d*)

.rela.data
 *(.rela.data)
 *(.rela.data.*)
 *(.rela.gnu.linkonce.d*)

.rel.ctors
 *(.rel.ctors)

.rela.ctors
 *(.rela.ctors)

.rel.dtors
 *(.rel.dtors)

.rela.dtors
 *(.rela.dtors)

.rel.got
 *(.rel.got)

.rela.got
 *(.rela.got)

.rel.bss
 *(.rel.bss)

.rela.bss
 *(.rela.bss)

.rel.plt
 *(.rel.plt)

.rela.plt
 *(.rela.plt)

.text           0x00000000     0x1610
 *(.vectors)
 .vectors       0x00000000       0x54 c:/winavr-20100110/bin/../lib/gcc/avr/4.3.3/../../../../avr/lib/avr5/crtm32.o
                0x00000000                __vectors
                0x00000000                __vector_default
 *(.vectors)
 *(.progmem.gcc*)
 *(.progmem*)
                0x00000054                . = ALIGN (0x2)
                0x00000054                __trampolines_start = .
 *(.trampolines)
 .trampolines   0x00000054        0x0 linker stubs
 *(.trampolines*)
                0x00000054                __trampolines_end = .
 *(.jumptables)
 *(.jumptables*)
 *(.lowtext)
 *(.lowtext*)
                0x00000054                __ctors_start = .
 *(.ctors)
                0x00000054                __ctors_end = .
                0x00000054                __dtors_start = .
 *(.dtors)
                0x00000054                __dtors_end = .
 SORT(*)(.ctors)
 SORT(*)(.dtors)
 *(.init0)
 .init0         0x00000054        0x0 c:/winavr-20100110/bin/../lib/gcc/avr/4.3.3/../../../../avr/lib/avr5/crtm32.o
                0x00000054                __init
 *(.init0)
 *(.init1)
 *(.init1)
 *(.init2)
 .init2         0x00000054        0xc c:/winavr-20100110/bin/../lib/gcc/avr/4.3.3/../../../../avr/lib/avr5/crtm32.o
 *(.init2)
 *(.init3)
 *(.init3)
 *(.init4)
 .init4         0x00000060       0x16 c:/winavr-20100110/bin/../lib/gcc/avr/4.3.3/avr5\libgcc.a(_copy_data.o)
                0x00000060                __do_copy_data
 .init4         0x00000076       0x10 c:/winavr-20100110/bin/../lib/gcc/avr/4.3.3/avr5\libgcc.a(_clear_bss.o)
                0x00000076                __do_clear_bss
 *(.init4)
 *(.init5)
 *(.init5)
 *(.init6)
 *(.init6)
 *(.init7)
 *(.init7)
 *(.init8)
 *(.init8)
 *(.init9)
 .init9         0x00000086        0x8 c:/winavr-20100110/bin/../lib/gcc/avr/4.3.3/../../../../avr/lib/avr5/crtm32.o
 *(.init9)
 *(.text)
 .text          0x0000008e        0x4 c:/winavr-20100110/bin/../lib/gcc/avr/4.3.3/../../../../avr/lib/avr5/crtm32.o
                0x0000008e                __vector_1
                0x0000008e                __vector_12
                0x0000008e                __bad_interrupt
                0x0000008e                __vector_6
                0x0000008e                __vector_3
                0x0000008e                __vector_11
                0x0000008e                __vector_13
                0x0000008e                __vector_17
                0x0000008e                __vector_19
                0x0000008e                __vector_5
                0x0000008e                __vector_4
                0x0000008e                __vector_2
                0x0000008e                __vector_15
                0x0000008e                __vector_8
                0x0000008e                __vector_14
                0x0000008e                __vector_10
                0x0000008e                __vector_16
                0x0000008e                __vector_18
                0x0000008e                __vector_20
 .text          0x00000092        0x0 ./MCAL/UART/uart.o
 .text          0x00000092        0x0 ./MCAL/TIMER/timer.o
 .text          0x00000092        0x0 ./MCAL/I2C/twi.o
 .text          0x00000092        0x0 ./MCAL/GPIO/gpio.o
 .text          0x00000092        0x0 ./HAL/EEPROM/external_eeprom.o
 .text          0x00000092        0x0 ./HAL/DC-MOTOR/dc_motor.o
 .text          0x00000092        0x0 ./HAL/BUZZER/buzzer.o
 .text          0x00000092        0x0 ./Application/CONTROL _ECU.o
 .text          0x00000092        0x0 c:/winavr-20100110/bin/../lib/gcc/avr/4.3.3/avr5\libgcc.a(_udivmodsi4.o)
 .text          0x00000092        0x0 c:/winavr-20100110/bin/../lib/gcc/avr/4.3.3/avr5\libgcc.a(_exit.o)
 .text          0x00000092        0x0 c:/winavr-20100110/bin/../lib/gcc/avr/4.3.3/avr5\libgcc.a(_copy_data.o)
 .text          0x00000092        0x0 c:/winavr-20100110/bin/../lib/gcc/avr/4.3.3/avr5\libgcc.a(_clear_bss.o)
 .text          0x00000092       0x58 c:/winavr-20100110/bin/../lib/gcc/avr/4.3.3/avr5\libgcc.a(_fixunssfsi.o)
                0x00000092                __fixunssfsi
 .text          0x000000ea      0x354 c:/winavr-20100110/bin/../lib/gcc/avr/4.3.3/avr5\libgcc.a(_addsub_sf.o)
                0x00000382                __subsf3
                0x000003e4                __addsf3
 .text          0x0000043e      0x1f4 c:/winavr-20100110/bin/../lib/gcc/avr/4.3.3/avr5\libgcc.a(_mul_sf.o)
                0x0000043e                __mulsf3
 .text          0x00000632       0x60 c:/winavr-20100110/bin/../lib/gcc/avr/4.3.3/avr5\libgcc.a(_ge_sf.o)
                0x00000632                __gesf2
 .text          0x00000692       0xbc c:/winavr-20100110/bin/../lib/gcc/avr/4.3.3/avr5\libgcc.a(_si_to_sf.o)
                0x00000692                __floatsisf
 .text          0x0000074e       0xa8 c:/winavr-20100110/bin/../lib/gcc/avr/4.3.3/avr5\libgcc.a(_sf_to_si.o)
                0x0000074e                __fixsfsi
 .text          0x000007f6        0x0 c:/winavr-20100110/bin/../lib/gcc/avr/4.3.3/avr5\libgcc.a(_thenan_sf.o)
 .text          0x000007f6        0x0 c:/winavr-20100110/bin/../lib/gcc/avr/4.3.3/avr5\libgcc.a(_prologue.o)
 .text          0x000007f6        0x0 c:/winavr-20100110/bin/../lib/gcc/avr/4.3.3/avr5\libgcc.a(_epilogue.o)
 .text          0x000007f6       0x9e c:/winavr-20100110/bin/../lib/gcc/avr/4.3.3/avr5\libgcc.a(_clzsi2.o)
                0x000007f6                __clzsi2
 .text          0x00000894      0x1aa c:/winavr-20100110/bin/../lib/gcc/avr/4.3.3/avr5\libgcc.a(_pack_sf.o)
                0x00000894                __pack_f
 .text          0x00000a3e       0xf0 c:/winavr-20100110/bin/../lib/gcc/avr/4.3.3/avr5\libgcc.a(_unpack_sf.o)
                0x00000a3e                __unpack_f
 .text          0x00000b2e       0xb2 c:/winavr-20100110/bin/../lib/gcc/avr/4.3.3/avr5\libgcc.a(_fpcmp_parts_sf.o)
                0x00000b2e                __fpcmp_parts_f
 .text          0x00000be0        0x0 c:/winavr-20100110/bin/../lib/gcc/avr/4.3.3/avr5\libgcc.a(_clz.o)
                0x00000be0                . = ALIGN (0x2)
 *(.text.*)
 .text.UART_init
                0x00000be0       0x66 ./MCAL/UART/uart.o
                0x00000be0                UART_init
 .text.UART_sendByte
                0x00000c46        0x8 ./MCAL/UART/uart.o
                0x00000c46                UART_sendByte
 .text.UART_recieveByte
                0x00000c4e        0x8 ./MCAL/UART/uart.o
                0x00000c4e                UART_recieveByte
 .text.UART_sendString
                0x00000c56       0x1a ./MCAL/UART/uart.o
                0x00000c56                UART_sendString
 .text.UART_receiveString
                0x00000c70       0x2e ./MCAL/UART/uart.o
                0x00000c70                UART_receiveString
 .text.__vector_9
                0x00000c9e       0x52 ./MCAL/TIMER/timer.o
                0x00000c9e                __vector_9
 .text.__vector_7
                0x00000cf0       0x52 ./MCAL/TIMER/timer.o
                0x00000cf0                __vector_7
 .text.Timer1_init
                0x00000d42       0x4e ./MCAL/TIMER/timer.o
                0x00000d42                Timer1_init
 .text.Timer1_setCallBack
                0x00000d90        0xa ./MCAL/TIMER/timer.o
                0x00000d90                Timer1_setCallBack
 .text.Timer1_stop
                0x00000d9a        0x8 ./MCAL/TIMER/timer.o
                0x00000d9a                Timer1_stop
 .text.Timer1_deinit
                0x00000da2       0x10 ./MCAL/TIMER/timer.o
                0x00000da2                Timer1_deinit
 .text.TWI_init
                0x00000db2       0x1e ./MCAL/I2C/twi.o
                0x00000db2                TWI_init
 .text.TWI_start
                0x00000dd0        0xc ./MCAL/I2C/twi.o
                0x00000dd0                TWI_start
 .text.TWI_stop
                0x00000ddc        0x6 ./MCAL/I2C/twi.o
                0x00000ddc                TWI_stop
 .text.TWI_writeByte
                0x00000de2        0xe ./MCAL/I2C/twi.o
                0x00000de2                TWI_writeByte
 .text.TWI_readByteWithACK
                0x00000df0        0xe ./MCAL/I2C/twi.o
                0x00000df0                TWI_readByteWithACK
 .text.TWI_readByteWithNACK
                0x00000dfe        0xe ./MCAL/I2C/twi.o
                0x00000dfe                TWI_readByteWithNACK
 .text.TWI_getStatus
                0x00000e0c        0x6 ./MCAL/I2C/twi.o
                0x00000e0c                TWI_getStatus
 .text.GPIO_setupPinDirection
                0x00000e12       0xe8 ./MCAL/GPIO/gpio.o
                0x00000e12                GPIO_setupPinDirection
 .text.GPIO_writePin
                0x00000efa       0xe8 ./MCAL/GPIO/gpio.o
                0x00000efa                GPIO_writePin
 .text.GPIO_readPin
                0x00000fe2       0x3c ./MCAL/GPIO/gpio.o
                0x00000fe2                GPIO_readPin
 .text.GPIO_setupPortDirection
                0x0000101e       0x26 ./MCAL/GPIO/gpio.o
                0x0000101e                GPIO_setupPortDirection
 .text.GPIO_writePort
                0x00001044       0x26 ./MCAL/GPIO/gpio.o
                0x00001044                GPIO_writePort
 .text.GPIO_readPort
                0x0000106a       0x2a ./MCAL/GPIO/gpio.o
                0x0000106a                GPIO_readPort
 .text.EEPROM_readByte
                0x00001094       0x8a ./HAL/EEPROM/external_eeprom.o
                0x00001094                EEPROM_readByte
 .text.EEPROM_writeByte
                0x0000111e       0x62 ./HAL/EEPROM/external_eeprom.o
                0x0000111e                EEPROM_writeByte
 .text.EEPROM_init
                0x00001180        0xa ./HAL/EEPROM/external_eeprom.o
                0x00001180                EEPROM_init
 .text.PWM_Timer0_Start
                0x0000118a       0x14 ./HAL/DC-MOTOR/dc_motor.o
                0x0000118a                PWM_Timer0_Start
 .text.DcMotor_Rotate
                0x0000119e       0x6e ./HAL/DC-MOTOR/dc_motor.o
                0x0000119e                DcMotor_Rotate
 .text.DcMotor_Init
                0x0000120c       0x2a ./HAL/DC-MOTOR/dc_motor.o
                0x0000120c                DcMotor_Init
 .text.Buzzer_off
                0x00001236        0xc ./HAL/BUZZER/buzzer.o
                0x00001236                Buzzer_off
 .text.Buzzer_on
                0x00001242        0xc ./HAL/BUZZER/buzzer.o
                0x00001242                Buzzer_on
 .text.Buzzer_init
                0x0000124e       0x16 ./HAL/BUZZER/buzzer.o
                0x0000124e                Buzzer_init
 .text.checkMatching
                0x00001264       0x36 ./Application/CONTROL _ECU.o
                0x00001264                checkMatching
 .text.g_tickCounterBuzzer
                0x0000129a       0x1e ./Application/CONTROL _ECU.o
                0x0000129a                g_tickCounterBuzzer
 .text.g_tickCounterMotor
                0x000012b8       0x1e ./Application/CONTROL _ECU.o
                0x000012b8                g_tickCounterMotor
 .text.getSavedPassword
                0x000012d6       0x4a ./Application/CONTROL _ECU.o
                0x000012d6                getSavedPassword
 .text.sendCommand
                0x00001320       0x24 ./Application/CONTROL _ECU.o
                0x00001320                sendCommand
 .text.recieveCommand
                0x00001344       0x20 ./Application/CONTROL _ECU.o
                0x00001344                recieveCommand
 .text.recievePassword
                0x00001364       0x3e ./Application/CONTROL _ECU.o
                0x00001364                recievePassword
 .text.storePassword
                0x000013a2       0x3c ./Application/CONTROL _ECU.o
                0x000013a2                storePassword
 .text.main     0x000013de      0x17c ./Application/CONTROL _ECU.o
                0x000013de                main
 .text.libgcc   0x0000155a       0x44 c:/winavr-20100110/bin/../lib/gcc/avr/4.3.3/avr5\libgcc.a(_udivmodsi4.o)
                0x0000155a                __udivmodsi4
 .text.libgcc   0x0000159e        0x0 c:/winavr-20100110/bin/../lib/gcc/avr/4.3.3/avr5\libgcc.a(_exit.o)
 .text.libgcc   0x0000159e        0x0 c:/winavr-20100110/bin/../lib/gcc/avr/4.3.3/avr5\libgcc.a(_copy_data.o)
 .text.libgcc   0x0000159e        0x0 c:/winavr-20100110/bin/../lib/gcc/avr/4.3.3/avr5\libgcc.a(_clear_bss.o)
 .text.libgcc   0x0000159e       0x38 c:/winavr-20100110/bin/../lib/gcc/avr/4.3.3/avr5\libgcc.a(_prologue.o)
                0x0000159e                __prologue_saves__
 .text.libgcc   0x000015d6       0x36 c:/winavr-20100110/bin/../lib/gcc/avr/4.3.3/avr5\libgcc.a(_epilogue.o)
                0x000015d6                __epilogue_restores__
                0x0000160c                . = ALIGN (0x2)
 *(.fini9)
 .fini9         0x0000160c        0x0 c:/winavr-20100110/bin/../lib/gcc/avr/4.3.3/avr5\libgcc.a(_exit.o)
                0x0000160c                exit
                0x0000160c                _exit
 *(.fini9)
 *(.fini8)
 *(.fini8)
 *(.fini7)
 *(.fini7)
 *(.fini6)
 *(.fini6)
 *(.fini5)
 *(.fini5)
 *(.fini4)
 *(.fini4)
 *(.fini3)
 *(.fini3)
 *(.fini2)
 *(.fini2)
 *(.fini1)
 *(.fini1)
 *(.fini0)
 .fini0         0x0000160c        0x4 c:/winavr-20100110/bin/../lib/gcc/avr/4.3.3/avr5\libgcc.a(_exit.o)
 *(.fini0)
                0x00001610                _etext = .

.data           0x00800060      0x118 load address 0x00001610
                0x00800060                PROVIDE (__data_start, .)
 *(.data)
 .data          0x00800060        0x0 c:/winavr-20100110/bin/../lib/gcc/avr/4.3.3/../../../../avr/lib/avr5/crtm32.o
 .data          0x00800060        0x0 ./MCAL/UART/uart.o
 .data          0x00800060        0x0 ./MCAL/TIMER/timer.o
 .data          0x00800060        0x0 ./MCAL/I2C/twi.o
 .data          0x00800060        0x0 ./MCAL/GPIO/gpio.o
 .data          0x00800060        0x0 ./HAL/EEPROM/external_eeprom.o
 .data          0x00800060        0x0 ./HAL/DC-MOTOR/dc_motor.o
 .data          0x00800060        0x0 ./HAL/BUZZER/buzzer.o
 .data          0x00800060        0x0 ./Application/CONTROL _ECU.o
 .data          0x00800060        0x0 c:/winavr-20100110/bin/../lib/gcc/avr/4.3.3/avr5\libgcc.a(_udivmodsi4.o)
 .data          0x00800060        0x0 c:/winavr-20100110/bin/../lib/gcc/avr/4.3.3/avr5\libgcc.a(_exit.o)
 .data          0x00800060        0x0 c:/winavr-20100110/bin/../lib/gcc/avr/4.3.3/avr5\libgcc.a(_copy_data.o)
 .data          0x00800060        0x0 c:/winavr-20100110/bin/../lib/gcc/avr/4.3.3/avr5\libgcc.a(_clear_bss.o)
 .data          0x00800060        0x0 c:/winavr-20100110/bin/../lib/gcc/avr/4.3.3/avr5\libgcc.a(_fixunssfsi.o)
 .data          0x00800060        0x0 c:/winavr-20100110/bin/../lib/gcc/avr/4.3.3/avr5\libgcc.a(_addsub_sf.o)
 .data          0x00800060        0x0 c:/winavr-20100110/bin/../lib/gcc/avr/4.3.3/avr5\libgcc.a(_mul_sf.o)
 .data          0x00800060        0x0 c:/winavr-20100110/bin/../lib/gcc/avr/4.3.3/avr5\libgcc.a(_ge_sf.o)
 .data          0x00800060        0x0 c:/winavr-20100110/bin/../lib/gcc/avr/4.3.3/avr5\libgcc.a(_si_to_sf.o)
 .data          0x00800060        0x0 c:/winavr-20100110/bin/../lib/gcc/avr/4.3.3/avr5\libgcc.a(_sf_to_si.o)
 .data          0x00800060        0x8 c:/winavr-20100110/bin/../lib/gcc/avr/4.3.3/avr5\libgcc.a(_thenan_sf.o)
                0x00800060                __thenan_sf
 .data          0x00800068        0x0 c:/winavr-20100110/bin/../lib/gcc/avr/4.3.3/avr5\libgcc.a(_prologue.o)
 .data          0x00800068        0x0 c:/winavr-20100110/bin/../lib/gcc/avr/4.3.3/avr5\libgcc.a(_epilogue.o)
 .data          0x00800068        0x0 c:/winavr-20100110/bin/../lib/gcc/avr/4.3.3/avr5\libgcc.a(_clzsi2.o)
 .data          0x00800068        0x0 c:/winavr-20100110/bin/../lib/gcc/avr/4.3.3/avr5\libgcc.a(_pack_sf.o)
 .data          0x00800068        0x0 c:/winavr-20100110/bin/../lib/gcc/avr/4.3.3/avr5\libgcc.a(_unpack_sf.o)
 .data          0x00800068        0x0 c:/winavr-20100110/bin/../lib/gcc/avr/4.3.3/avr5\libgcc.a(_fpcmp_parts_sf.o)
 .data          0x00800068      0x100 c:/winavr-20100110/bin/../lib/gcc/avr/4.3.3/avr5\libgcc.a(_clz.o)
                0x00800068                __clz_tab
 *(.data*)
 .data.twi_config
                0x00800168        0x2 ./HAL/EEPROM/external_eeprom.o
                0x00800168                twi_config
 .data.uart_config
                0x0080016a        0x7 ./Application/CONTROL _ECU.o
                0x0080016a                uart_config
 .data.timer1_config
                0x00800171        0x6 ./Application/CONTROL _ECU.o
                0x00800171                timer1_config
 *(.rodata)
 *(.rodata*)
 *(.gnu.linkonce.d*)
                0x00800178                . = ALIGN (0x2)
 *fill*         0x00800177        0x1 00
                0x00800178                _edata = .
                0x00800178                PROVIDE (__data_end, .)

.bss            0x00800178       0x15
                0x00800178                PROVIDE (__bss_start, .)
 *(.bss)
 .bss           0x00800178        0x0 c:/winavr-20100110/bin/../lib/gcc/avr/4.3.3/../../../../avr/lib/avr5/crtm32.o
 .bss           0x00800178        0x0 ./MCAL/UART/uart.o
 .bss           0x00800178        0x0 ./MCAL/TIMER/timer.o
 .bss           0x00800178        0x0 ./MCAL/I2C/twi.o
 .bss           0x00800178        0x0 ./MCAL/GPIO/gpio.o
 .bss           0x00800178        0x0 ./HAL/EEPROM/external_eeprom.o
 .bss           0x00800178        0x0 ./HAL/DC-MOTOR/dc_motor.o
 .bss           0x00800178        0x0 ./HAL/BUZZER/buzzer.o
 .bss           0x00800178        0x0 ./Application/CONTROL _ECU.o
 .bss           0x00800178        0x0 c:/winavr-20100110/bin/../lib/gcc/avr/4.3.3/avr5\libgcc.a(_udivmodsi4.o)
 .bss           0x00800178        0x0 c:/winavr-20100110/bin/../lib/gcc/avr/4.3.3/avr5\libgcc.a(_exit.o)
 .bss           0x00800178        0x0 c:/winavr-20100110/bin/../lib/gcc/avr/4.3.3/avr5\libgcc.a(_copy_data.o)
 .bss           0x00800178        0x0 c:/winavr-20100110/bin/../lib/gcc/avr/4.3.3/avr5\libgcc.a(_clear_bss.o)
 .bss           0x00800178        0x0 c:/winavr-20100110/bin/../lib/gcc/avr/4.3.3/avr5\libgcc.a(_fixunssfsi.o)
 .bss           0x00800178        0x0 c:/winavr-20100110/bin/../lib/gcc/avr/4.3.3/avr5\libgcc.a(_addsub_sf.o)
 .bss           0x00800178        0x0 c:/winavr-20100110/bin/../lib/gcc/avr/4.3.3/avr5\libgcc.a(_mul_sf.o)
 .bss           0x00800178        0x0 c:/winavr-20100110/bin/../lib/gcc/avr/4.3.3/avr5\libgcc.a(_ge_sf.o)
 .bss           0x00800178        0x0 c:/winavr-20100110/bin/../lib/gcc/avr/4.3.3/avr5\libgcc.a(_si_to_sf.o)
 .bss           0x00800178        0x0 c:/winavr-20100110/bin/../lib/gcc/avr/4.3.3/avr5\libgcc.a(_sf_to_si.o)
 .bss           0x00800178        0x0 c:/winavr-20100110/bin/../lib/gcc/avr/4.3.3/avr5\libgcc.a(_thenan_sf.o)
 .bss           0x00800178        0x0 c:/winavr-20100110/bin/../lib/gcc/avr/4.3.3/avr5\libgcc.a(_prologue.o)
 .bss           0x00800178        0x0 c:/winavr-20100110/bin/../lib/gcc/avr/4.3.3/avr5\libgcc.a(_epilogue.o)
 .bss           0x00800178        0x0 c:/winavr-20100110/bin/../lib/gcc/avr/4.3.3/avr5\libgcc.a(_clzsi2.o)
 .bss           0x00800178        0x0 c:/winavr-20100110/bin/../lib/gcc/avr/4.3.3/avr5\libgcc.a(_pack_sf.o)
 .bss           0x00800178        0x0 c:/winavr-20100110/bin/../lib/gcc/avr/4.3.3/avr5\libgcc.a(_unpack_sf.o)
 .bss           0x00800178        0x0 c:/winavr-20100110/bin/../lib/gcc/avr/4.3.3/avr5\libgcc.a(_fpcmp_parts_sf.o)
 .bss           0x00800178        0x0 c:/winavr-20100110/bin/../lib/gcc/avr/4.3.3/avr5\libgcc.a(_clz.o)
 *(.bss*)
 .bss.g_callBackPtr
                0x00800178        0x2 ./MCAL/TIMER/timer.o
 .bss.g_tick    0x0080017a        0x2 ./Application/CONTROL _ECU.o
                0x0080017a                g_tick
 .bss.g_wrong   0x0080017c        0x1 ./Application/CONTROL _ECU.o
                0x0080017c                g_wrong
 *(COMMON)
 COMMON         0x0080017d       0x10 ./Application/CONTROL _ECU.o
                0x0080017d                command
                0x0080017e                g_password
                0x00800183                savedpass
                0x00800188                g_pass2
                0x0080018d                PROVIDE (__bss_end, .)
                0x00001610                __data_load_start = LOADADDR (.data)
                0x00001728                __data_load_end = (__data_load_start + SIZEOF (.data))

.noinit         0x0080018d        0x0
                0x0080018d                PROVIDE (__noinit_start, .)
 *(.noinit*)
                0x0080018d                PROVIDE (__noinit_end, .)
                0x0080018d                _end = .
                0x0080018d                PROVIDE (__heap_start, .)

.eeprom         0x00810000        0x0
 *(.eeprom*)
                0x00810000                __eeprom_end = .

.fuse
 *(.fuse)
 *(.lfuse)
 *(.hfuse)
 *(.efuse)

.lock
 *(.lock*)

.signature
 *(.signature*)

.stab
 *(.stab)

.stabstr
 *(.stabstr)

.stab.excl
 *(.stab.excl)

.stab.exclstr
 *(.stab.exclstr)

.stab.index
 *(.stab.index)

.stab.indexstr
 *(.stab.indexstr)

.comment
 *(.comment)

.debug
 *(.debug)

.line
 *(.line)

.debug_srcinfo
 *(.debug_srcinfo)

.debug_sfnames
 *(.debug_sfnames)

.debug_aranges  0x00000000      0x140
 *(.debug_aranges)
 .debug_aranges
                0x00000000       0x20 c:/winavr-20100110/bin/../lib/gcc/avr/4.3.3/avr5\libgcc.a(_fixunssfsi.o)
 .debug_aranges
                0x00000020       0x20 c:/winavr-20100110/bin/../lib/gcc/avr/4.3.3/avr5\libgcc.a(_addsub_sf.o)
 .debug_aranges
                0x00000040       0x20 c:/winavr-20100110/bin/../lib/gcc/avr/4.3.3/avr5\libgcc.a(_mul_sf.o)
 .debug_aranges
                0x00000060       0x20 c:/winavr-20100110/bin/../lib/gcc/avr/4.3.3/avr5\libgcc.a(_ge_sf.o)
 .debug_aranges
                0x00000080       0x20 c:/winavr-20100110/bin/../lib/gcc/avr/4.3.3/avr5\libgcc.a(_si_to_sf.o)
 .debug_aranges
                0x000000a0       0x20 c:/winavr-20100110/bin/../lib/gcc/avr/4.3.3/avr5\libgcc.a(_sf_to_si.o)
 .debug_aranges
                0x000000c0       0x20 c:/winavr-20100110/bin/../lib/gcc/avr/4.3.3/avr5\libgcc.a(_clzsi2.o)
 .debug_aranges
                0x000000e0       0x20 c:/winavr-20100110/bin/../lib/gcc/avr/4.3.3/avr5\libgcc.a(_pack_sf.o)
 .debug_aranges
                0x00000100       0x20 c:/winavr-20100110/bin/../lib/gcc/avr/4.3.3/avr5\libgcc.a(_unpack_sf.o)
 .debug_aranges
                0x00000120       0x20 c:/winavr-20100110/bin/../lib/gcc/avr/4.3.3/avr5\libgcc.a(_fpcmp_parts_sf.o)

.debug_pubnames
                0x00000000      0x195
 *(.debug_pubnames)
 .debug_pubnames
                0x00000000       0x23 c:/winavr-20100110/bin/../lib/gcc/avr/4.3.3/avr5\libgcc.a(_fixunssfsi.o)
 .debug_pubnames
                0x00000023       0x2c c:/winavr-20100110/bin/../lib/gcc/avr/4.3.3/avr5\libgcc.a(_addsub_sf.o)
 .debug_pubnames
                0x0000004f       0x1f c:/winavr-20100110/bin/../lib/gcc/avr/4.3.3/avr5\libgcc.a(_mul_sf.o)
 .debug_pubnames
                0x0000006e       0x1e c:/winavr-20100110/bin/../lib/gcc/avr/4.3.3/avr5\libgcc.a(_ge_sf.o)
 .debug_pubnames
                0x0000008c       0x22 c:/winavr-20100110/bin/../lib/gcc/avr/4.3.3/avr5\libgcc.a(_si_to_sf.o)
 .debug_pubnames
                0x000000ae       0x20 c:/winavr-20100110/bin/../lib/gcc/avr/4.3.3/avr5\libgcc.a(_sf_to_si.o)
 .debug_pubnames
                0x000000ce       0x22 c:/winavr-20100110/bin/../lib/gcc/avr/4.3.3/avr5\libgcc.a(_thenan_sf.o)
 .debug_pubnames
                0x000000f0       0x1f c:/winavr-20100110/bin/../lib/gcc/avr/4.3.3/avr5\libgcc.a(_clzsi2.o)
 .debug_pubnames
                0x0000010f       0x1f c:/winavr-20100110/bin/../lib/gcc/avr/4.3.3/avr5\libgcc.a(_pack_sf.o)
 .debug_pubnames
                0x0000012e       0x21 c:/winavr-20100110/bin/../lib/gcc/avr/4.3.3/avr5\libgcc.a(_unpack_sf.o)
 .debug_pubnames
                0x0000014f       0x26 c:/winavr-20100110/bin/../lib/gcc/avr/4.3.3/avr5\libgcc.a(_fpcmp_parts_sf.o)
 .debug_pubnames
                0x00000175       0x20 c:/winavr-20100110/bin/../lib/gcc/avr/4.3.3/avr5\libgcc.a(_clz.o)

.debug_info     0x00000000     0x1b12
 *(.debug_info)
 .debug_info    0x00000000       0xb1 c:/winavr-20100110/bin/../lib/gcc/avr/4.3.3/avr5\libgcc.a(_fixunssfsi.o)
 .debug_info    0x000000b1      0x47a c:/winavr-20100110/bin/../lib/gcc/avr/4.3.3/avr5\libgcc.a(_addsub_sf.o)
 .debug_info    0x0000052b      0x485 c:/winavr-20100110/bin/../lib/gcc/avr/4.3.3/avr5\libgcc.a(_mul_sf.o)
 .debug_info    0x000009b0      0x27f c:/winavr-20100110/bin/../lib/gcc/avr/4.3.3/avr5\libgcc.a(_ge_sf.o)
 .debug_info    0x00000c2f      0x207 c:/winavr-20100110/bin/../lib/gcc/avr/4.3.3/avr5\libgcc.a(_si_to_sf.o)
 .debug_info    0x00000e36      0x2b0 c:/winavr-20100110/bin/../lib/gcc/avr/4.3.3/avr5\libgcc.a(_sf_to_si.o)
 .debug_info    0x000010e6      0x12c c:/winavr-20100110/bin/../lib/gcc/avr/4.3.3/avr5\libgcc.a(_thenan_sf.o)
 .debug_info    0x00001212      0x117 c:/winavr-20100110/bin/../lib/gcc/avr/4.3.3/avr5\libgcc.a(_clzsi2.o)
 .debug_info    0x00001329      0x2df c:/winavr-20100110/bin/../lib/gcc/avr/4.3.3/avr5\libgcc.a(_pack_sf.o)
 .debug_info    0x00001608      0x251 c:/winavr-20100110/bin/../lib/gcc/avr/4.3.3/avr5\libgcc.a(_unpack_sf.o)
 .debug_info    0x00001859      0x210 c:/winavr-20100110/bin/../lib/gcc/avr/4.3.3/avr5\libgcc.a(_fpcmp_parts_sf.o)
 .debug_info    0x00001a69       0xa9 c:/winavr-20100110/bin/../lib/gcc/avr/4.3.3/avr5\libgcc.a(_clz.o)
 *(.gnu.linkonce.wi.*)

.debug_abbrev   0x00000000      0xead
 *(.debug_abbrev)
 .debug_abbrev  0x00000000       0x5d c:/winavr-20100110/bin/../lib/gcc/avr/4.3.3/avr5\libgcc.a(_fixunssfsi.o)
 .debug_abbrev  0x0000005d      0x1ea c:/winavr-20100110/bin/../lib/gcc/avr/4.3.3/avr5\libgcc.a(_addsub_sf.o)
 .debug_abbrev  0x00000247      0x21b c:/winavr-20100110/bin/../lib/gcc/avr/4.3.3/avr5\libgcc.a(_mul_sf.o)
 .debug_abbrev  0x00000462      0x15a c:/winavr-20100110/bin/../lib/gcc/avr/4.3.3/avr5\libgcc.a(_ge_sf.o)
 .debug_abbrev  0x000005bc      0x148 c:/winavr-20100110/bin/../lib/gcc/avr/4.3.3/avr5\libgcc.a(_si_to_sf.o)
 .debug_abbrev  0x00000704      0x17f c:/winavr-20100110/bin/../lib/gcc/avr/4.3.3/avr5\libgcc.a(_sf_to_si.o)
 .debug_abbrev  0x00000883       0xad c:/winavr-20100110/bin/../lib/gcc/avr/4.3.3/avr5\libgcc.a(_thenan_sf.o)
 .debug_abbrev  0x00000930       0xc4 c:/winavr-20100110/bin/../lib/gcc/avr/4.3.3/avr5\libgcc.a(_clzsi2.o)
 .debug_abbrev  0x000009f4      0x1c0 c:/winavr-20100110/bin/../lib/gcc/avr/4.3.3/avr5\libgcc.a(_pack_sf.o)
 .debug_abbrev  0x00000bb4      0x154 c:/winavr-20100110/bin/../lib/gcc/avr/4.3.3/avr5\libgcc.a(_unpack_sf.o)
 .debug_abbrev  0x00000d08      0x13b c:/winavr-20100110/bin/../lib/gcc/avr/4.3.3/avr5\libgcc.a(_fpcmp_parts_sf.o)
 .debug_abbrev  0x00000e43       0x6a c:/winavr-20100110/bin/../lib/gcc/avr/4.3.3/avr5\libgcc.a(_clz.o)

.debug_line     0x00000000      0xe5d
 *(.debug_line)
 .debug_line    0x00000000       0xa7 c:/winavr-20100110/bin/../lib/gcc/avr/4.3.3/avr5\libgcc.a(_fixunssfsi.o)
 .debug_line    0x000000a7      0x2af c:/winavr-20100110/bin/../lib/gcc/avr/4.3.3/avr5\libgcc.a(_addsub_sf.o)
 .debug_line    0x00000356      0x239 c:/winavr-20100110/bin/../lib/gcc/avr/4.3.3/avr5\libgcc.a(_mul_sf.o)
 .debug_line    0x0000058f       0xd3 c:/winavr-20100110/bin/../lib/gcc/avr/4.3.3/avr5\libgcc.a(_ge_sf.o)
 .debug_line    0x00000662      0x135 c:/winavr-20100110/bin/../lib/gcc/avr/4.3.3/avr5\libgcc.a(_si_to_sf.o)
 .debug_line    0x00000797      0x109 c:/winavr-20100110/bin/../lib/gcc/avr/4.3.3/avr5\libgcc.a(_sf_to_si.o)
 .debug_line    0x000008a0       0x90 c:/winavr-20100110/bin/../lib/gcc/avr/4.3.3/avr5\libgcc.a(_thenan_sf.o)
 .debug_line    0x00000930       0xa5 c:/winavr-20100110/bin/../lib/gcc/avr/4.3.3/avr5\libgcc.a(_clzsi2.o)
 .debug_line    0x000009d5      0x18a c:/winavr-20100110/bin/../lib/gcc/avr/4.3.3/avr5\libgcc.a(_pack_sf.o)
 .debug_line    0x00000b5f      0x14b c:/winavr-20100110/bin/../lib/gcc/avr/4.3.3/avr5\libgcc.a(_unpack_sf.o)
 .debug_line    0x00000caa      0x137 c:/winavr-20100110/bin/../lib/gcc/avr/4.3.3/avr5\libgcc.a(_fpcmp_parts_sf.o)
 .debug_line    0x00000de1       0x7c c:/winavr-20100110/bin/../lib/gcc/avr/4.3.3/avr5\libgcc.a(_clz.o)

.debug_frame    0x00000000      0x160
 *(.debug_frame)
 .debug_frame   0x00000000       0x20 c:/winavr-20100110/bin/../lib/gcc/avr/4.3.3/avr5\libgcc.a(_fixunssfsi.o)
 .debug_frame   0x00000020       0x40 c:/winavr-20100110/bin/../lib/gcc/avr/4.3.3/avr5\libgcc.a(_addsub_sf.o)
 .debug_frame   0x00000060       0x20 c:/winavr-20100110/bin/../lib/gcc/avr/4.3.3/avr5\libgcc.a(_mul_sf.o)
 .debug_frame   0x00000080       0x20 c:/winavr-20100110/bin/../lib/gcc/avr/4.3.3/avr5\libgcc.a(_ge_sf.o)
 .debug_frame   0x000000a0       0x20 c:/winavr-20100110/bin/../lib/gcc/avr/4.3.3/avr5\libgcc.a(_si_to_sf.o)
 .debug_frame   0x000000c0       0x20 c:/winavr-20100110/bin/../lib/gcc/avr/4.3.3/avr5\libgcc.a(_sf_to_si.o)
 .debug_frame   0x000000e0       0x20 c:/winavr-20100110/bin/../lib/gcc/avr/4.3.3/avr5\libgcc.a(_clzsi2.o)
 .debug_frame   0x00000100       0x20 c:/winavr-20100110/bin/../lib/gcc/avr/4.3.3/avr5\libgcc.a(_pack_sf.o)
 .debug_frame   0x00000120       0x20 c:/winavr-20100110/bin/../lib/gcc/avr/4.3.3/avr5\libgcc.a(_unpack_sf.o)
 .debug_frame   0x00000140       0x20 c:/winavr-20100110/bin/../lib/gcc/avr/4.3.3/avr5\libgcc.a(_fpcmp_parts_sf.o)

.debug_str      0x00000000      0x2ae
 *(.debug_str)
 .debug_str     0x00000000       0xbf c:/winavr-20100110/bin/../lib/gcc/avr/4.3.3/avr5\libgcc.a(_fixunssfsi.o)
                                 0xfe (size before relaxing)
 .debug_str     0x000000bf      0x14d c:/winavr-20100110/bin/../lib/gcc/avr/4.3.3/avr5\libgcc.a(_addsub_sf.o)
                                0x206 (size before relaxing)
 .debug_str     0x0000020c       0x27 c:/winavr-20100110/bin/../lib/gcc/avr/4.3.3/avr5\libgcc.a(_mul_sf.o)
                                0x1bf (size before relaxing)
 .debug_str     0x00000233        0x8 c:/winavr-20100110/bin/../lib/gcc/avr/4.3.3/avr5\libgcc.a(_ge_sf.o)
                                0x195 (size before relaxing)
 .debug_str     0x0000023b       0x1e c:/winavr-20100110/bin/../lib/gcc/avr/4.3.3/avr5\libgcc.a(_si_to_sf.o)
                                0x17b (size before relaxing)
 .debug_str     0x00000259        0xa c:/winavr-20100110/bin/../lib/gcc/avr/4.3.3/avr5\libgcc.a(_sf_to_si.o)
                                0x19e (size before relaxing)
 .debug_str     0x00000000      0x103 c:/winavr-20100110/bin/../lib/gcc/avr/4.3.3/avr5\libgcc.a(_thenan_sf.o)
 .debug_str     0x00000263       0x20 c:/winavr-20100110/bin/../lib/gcc/avr/4.3.3/avr5\libgcc.a(_clzsi2.o)
                                0x111 (size before relaxing)
 .debug_str     0x00000283       0x10 c:/winavr-20100110/bin/../lib/gcc/avr/4.3.3/avr5\libgcc.a(_pack_sf.o)
                                0x19d (size before relaxing)
 .debug_str     0x00000293        0xb c:/winavr-20100110/bin/../lib/gcc/avr/4.3.3/avr5\libgcc.a(_unpack_sf.o)
                                0x17f (size before relaxing)
 .debug_str     0x0000029e       0x10 c:/winavr-20100110/bin/../lib/gcc/avr/4.3.3/avr5\libgcc.a(_fpcmp_parts_sf.o)
                                0x163 (size before relaxing)
 .debug_str     0x00000000       0xf4 c:/winavr-20100110/bin/../lib/gcc/avr/4.3.3/avr5\libgcc.a(_clz.o)

.debug_loc      0x00000000      0x896
 *(.debug_loc)
 .debug_loc     0x00000000       0x34 c:/winavr-20100110/bin/../lib/gcc/avr/4.3.3/avr5\libgcc.a(_fixunssfsi.o)
 .debug_loc     0x00000034      0x32a c:/winavr-20100110/bin/../lib/gcc/avr/4.3.3/avr5\libgcc.a(_addsub_sf.o)
 .debug_loc     0x0000035e      0x104 c:/winavr-20100110/bin/../lib/gcc/avr/4.3.3/avr5\libgcc.a(_mul_sf.o)
 .debug_loc     0x00000462       0x3c c:/winavr-20100110/bin/../lib/gcc/avr/4.3.3/avr5\libgcc.a(_ge_sf.o)
 .debug_loc     0x0000049e       0xac c:/winavr-20100110/bin/../lib/gcc/avr/4.3.3/avr5\libgcc.a(_si_to_sf.o)
 .debug_loc     0x0000054a       0x7e c:/winavr-20100110/bin/../lib/gcc/avr/4.3.3/avr5\libgcc.a(_sf_to_si.o)
 .debug_loc     0x000005c8       0x94 c:/winavr-20100110/bin/../lib/gcc/avr/4.3.3/avr5\libgcc.a(_clzsi2.o)
 .debug_loc     0x0000065c      0x13e c:/winavr-20100110/bin/../lib/gcc/avr/4.3.3/avr5\libgcc.a(_pack_sf.o)
 .debug_loc     0x0000079a       0xac c:/winavr-20100110/bin/../lib/gcc/avr/4.3.3/avr5\libgcc.a(_unpack_sf.o)
 .debug_loc     0x00000846       0x50 c:/winavr-20100110/bin/../lib/gcc/avr/4.3.3/avr5\libgcc.a(_fpcmp_parts_sf.o)

.debug_macinfo
 *(.debug_macinfo)
OUTPUT(mc_2.elf elf32-avr)
LOAD linker stubs

.debug_ranges   0x00000000       0x50
 .debug_ranges  0x00000000       0x50 c:/winavr-20100110/bin/../lib/gcc/avr/4.3.3/avr5\libgcc.a(_mul_sf.o)
