Archive member included because of file (symbol)

c:/winavr-20100110/bin/../lib/gcc/avr/4.3.3/avr5\libgcc.a(_udivmodsi4.o)
                              ./MCAL/UART/uart.o (__udivmodsi4)
c:/winavr-20100110/bin/../lib/gcc/avr/4.3.3/avr5\libgcc.a(_exit.o)
                              c:/winavr-20100110/bin/../lib/gcc/avr/4.3.3/../../../../avr/lib/avr5/crtm32.o (exit)
c:/winavr-20100110/bin/../lib/gcc/avr/4.3.3/avr5\libgcc.a(_copy_data.o)
                              ./Application/HMI_ECU.o (__do_copy_data)
c:/winavr-20100110/bin/../lib/gcc/avr/4.3.3/avr5\libgcc.a(_clear_bss.o)
                              ./MCAL/TIMER/timer.o (__do_clear_bss)
c:/winavr-20100110/bin/../lib/gcc/avr/4.3.3/../../../../avr/lib/avr5\libc.a(itoa.o)
                              ./HAL/LCD/lcd.o (itoa)
c:/winavr-20100110/bin/../lib/gcc/avr/4.3.3/../../../../avr/lib/avr5\libc.a(strrev.o)
                              c:/winavr-20100110/bin/../lib/gcc/avr/4.3.3/../../../../avr/lib/avr5\libc.a(itoa.o) (strrev)
c:/winavr-20100110/bin/../lib/gcc/avr/4.3.3/avr5\libgcc.a(_udivmodhi4.o)
                              c:/winavr-20100110/bin/../lib/gcc/avr/4.3.3/../../../../avr/lib/avr5\libc.a(itoa.o) (__udivmodhi4)

Allocating common symbols
Common symbol       size              file

command             0x1               ./Application/HMI_ECU.o
g_key               0x1               ./Application/HMI_ECU.o

Memory Configuration

Name             Origin             Length             Attributes
text             0x00000000         0x00020000         xr
data             0x00800060         0x0000ffa0         rw !x
eeprom           0x00810000         0x00010000         rw !x
fuse             0x00820000         0x00000400         rw !x
lock             0x00830000         0x00000400         rw !x
signature        0x00840000         0x00000400         rw !x
*default*        0x00000000         0xffffffff

Linker script and memory map

LOAD c:/winavr-20100110/bin/../lib/gcc/avr/4.3.3/../../../../avr/lib/avr5/crtm32.o
LOAD ./MCAL/UART/uart.o
LOAD ./MCAL/TIMER/timer.o
LOAD ./MCAL/GPIO/gpio.o
LOAD ./HAL/LCD/lcd.o
LOAD ./HAL/KEYPAD/keypad.o
LOAD ./Application/HMI_ECU.o
LOAD c:/winavr-20100110/bin/../lib/gcc/avr/4.3.3/avr5\libgcc.a
LOAD c:/winavr-20100110/bin/../lib/gcc/avr/4.3.3/../../../../avr/lib/avr5\libc.a
LOAD c:/winavr-20100110/bin/../lib/gcc/avr/4.3.3/avr5\libgcc.a

.hash
 *(.hash)

.dynsym
 *(.dynsym)

.dynstr
 *(.dynstr)

.gnu.version
 *(.gnu.version)

.gnu.version_d
 *(.gnu.version_d)

.gnu.version_r
 *(.gnu.version_r)

.rel.init
 *(.rel.init)

.rela.init
 *(.rela.init)

.rel.text
 *(.rel.text)
 *(.rel.text.*)
 *(.rel.gnu.linkonce.t*)

.rela.text
 *(.rela.text)
 *(.rela.text.*)
 *(.rela.gnu.linkonce.t*)

.rel.fini
 *(.rel.fini)

.rela.fini
 *(.rela.fini)

.rel.rodata
 *(.rel.rodata)
 *(.rel.rodata.*)
 *(.rel.gnu.linkonce.r*)

.rela.rodata
 *(.rela.rodata)
 *(.rela.rodata.*)
 *(.rela.gnu.linkonce.r*)

.rel.data
 *(.rel.data)
 *(.rel.data.*)
 *(.rel.gnu.linkonce.d*)

.rela.data
 *(.rela.data)
 *(.rela.data.*)
 *(.rela.gnu.linkonce.d*)

.rel.ctors
 *(.rel.ctors)

.rela.ctors
 *(.rela.ctors)

.rel.dtors
 *(.rel.dtors)

.rela.dtors
 *(.rela.dtors)

.rel.got
 *(.rel.got)

.rela.got
 *(.rela.got)

.rel.bss
 *(.rel.bss)

.rela.bss
 *(.rela.bss)

.rel.plt
 *(.rel.plt)

.rela.plt
 *(.rela.plt)

.text           0x00000000      0xd50
 *(.vectors)
 .vectors       0x00000000       0x54 c:/winavr-20100110/bin/../lib/gcc/avr/4.3.3/../../../../avr/lib/avr5/crtm32.o
                0x00000000                __vectors
                0x00000000                __vector_default
 *(.vectors)
 *(.progmem.gcc*)
 *(.progmem*)
                0x00000054                . = ALIGN (0x2)
                0x00000054                __trampolines_start = .
 *(.trampolines)
 .trampolines   0x00000054        0x0 linker stubs
 *(.trampolines*)
                0x00000054                __trampolines_end = .
 *(.jumptables)
 *(.jumptables*)
 *(.lowtext)
 *(.lowtext*)
                0x00000054                __ctors_start = .
 *(.ctors)
                0x00000054                __ctors_end = .
                0x00000054                __dtors_start = .
 *(.dtors)
                0x00000054                __dtors_end = .
 SORT(*)(.ctors)
 SORT(*)(.dtors)
 *(.init0)
 .init0         0x00000054        0x0 c:/winavr-20100110/bin/../lib/gcc/avr/4.3.3/../../../../avr/lib/avr5/crtm32.o
                0x00000054                __init
 *(.init0)
 *(.init1)
 *(.init1)
 *(.init2)
 .init2         0x00000054        0xc c:/winavr-20100110/bin/../lib/gcc/avr/4.3.3/../../../../avr/lib/avr5/crtm32.o
 *(.init2)
 *(.init3)
 *(.init3)
 *(.init4)
 .init4         0x00000060       0x16 c:/winavr-20100110/bin/../lib/gcc/avr/4.3.3/avr5\libgcc.a(_copy_data.o)
                0x00000060                __do_copy_data
 .init4         0x00000076       0x10 c:/winavr-20100110/bin/../lib/gcc/avr/4.3.3/avr5\libgcc.a(_clear_bss.o)
                0x00000076                __do_clear_bss
 *(.init4)
 *(.init5)
 *(.init5)
 *(.init6)
 *(.init6)
 *(.init7)
 *(.init7)
 *(.init8)
 *(.init8)
 *(.init9)
 .init9         0x00000086        0x8 c:/winavr-20100110/bin/../lib/gcc/avr/4.3.3/../../../../avr/lib/avr5/crtm32.o
 *(.init9)
 *(.text)
 .text          0x0000008e        0x4 c:/winavr-20100110/bin/../lib/gcc/avr/4.3.3/../../../../avr/lib/avr5/crtm32.o
                0x0000008e                __vector_1
                0x0000008e                __vector_12
                0x0000008e                __bad_interrupt
                0x0000008e                __vector_6
                0x0000008e                __vector_3
                0x0000008e                __vector_11
                0x0000008e                __vector_13
                0x0000008e                __vector_17
                0x0000008e                __vector_19
                0x0000008e                __vector_5
                0x0000008e                __vector_4
                0x0000008e                __vector_2
                0x0000008e                __vector_15
                0x0000008e                __vector_8
                0x0000008e                __vector_14
                0x0000008e                __vector_10
                0x0000008e                __vector_16
                0x0000008e                __vector_18
                0x0000008e                __vector_20
 .text          0x00000092        0x0 ./MCAL/UART/uart.o
 .text          0x00000092        0x0 ./MCAL/TIMER/timer.o
 .text          0x00000092        0x0 ./MCAL/GPIO/gpio.o
 .text          0x00000092        0x0 ./HAL/LCD/lcd.o
 .text          0x00000092        0x0 ./HAL/KEYPAD/keypad.o
 .text          0x00000092        0x0 ./Application/HMI_ECU.o
 .text          0x00000092        0x0 c:/winavr-20100110/bin/../lib/gcc/avr/4.3.3/avr5\libgcc.a(_udivmodsi4.o)
 .text          0x00000092        0x0 c:/winavr-20100110/bin/../lib/gcc/avr/4.3.3/avr5\libgcc.a(_exit.o)
 .text          0x00000092        0x0 c:/winavr-20100110/bin/../lib/gcc/avr/4.3.3/avr5\libgcc.a(_copy_data.o)
 .text          0x00000092        0x0 c:/winavr-20100110/bin/../lib/gcc/avr/4.3.3/avr5\libgcc.a(_clear_bss.o)
 .text          0x00000092        0x0 c:/winavr-20100110/bin/../lib/gcc/avr/4.3.3/../../../../avr/lib/avr5\libc.a(itoa.o)
 .text          0x00000092        0x0 c:/winavr-20100110/bin/../lib/gcc/avr/4.3.3/../../../../avr/lib/avr5\libc.a(strrev.o)
 .text          0x00000092        0x0 c:/winavr-20100110/bin/../lib/gcc/avr/4.3.3/avr5\libgcc.a(_udivmodhi4.o)
                0x00000092                . = ALIGN (0x2)
 *(.text.*)
 .text.UART_init
                0x00000092       0x66 ./MCAL/UART/uart.o
                0x00000092                UART_init
 .text.UART_sendByte
                0x000000f8        0x8 ./MCAL/UART/uart.o
                0x000000f8                UART_sendByte
 .text.UART_recieveByte
                0x00000100        0x8 ./MCAL/UART/uart.o
                0x00000100                UART_recieveByte
 .text.UART_sendString
                0x00000108       0x1a ./MCAL/UART/uart.o
                0x00000108                UART_sendString
 .text.UART_receiveString
                0x00000122       0x2e ./MCAL/UART/uart.o
                0x00000122                UART_receiveString
 .text.__vector_9
                0x00000150       0x52 ./MCAL/TIMER/timer.o
                0x00000150                __vector_9
 .text.__vector_7
                0x000001a2       0x52 ./MCAL/TIMER/timer.o
                0x000001a2                __vector_7
 .text.Timer1_init
                0x000001f4       0x4e ./MCAL/TIMER/timer.o
                0x000001f4                Timer1_init
 .text.Timer1_setCallBack
                0x00000242        0xa ./MCAL/TIMER/timer.o
                0x00000242                Timer1_setCallBack
 .text.Timer1_stop
                0x0000024c        0x8 ./MCAL/TIMER/timer.o
                0x0000024c                Timer1_stop
 .text.Timer1_deinit
                0x00000254       0x10 ./MCAL/TIMER/timer.o
                0x00000254                Timer1_deinit
 .text.GPIO_setupPinDirection
                0x00000264       0xe8 ./MCAL/GPIO/gpio.o
                0x00000264                GPIO_setupPinDirection
 .text.GPIO_writePin
                0x0000034c       0xe8 ./MCAL/GPIO/gpio.o
                0x0000034c                GPIO_writePin
 .text.GPIO_readPin
                0x00000434       0x3c ./MCAL/GPIO/gpio.o
                0x00000434                GPIO_readPin
 .text.GPIO_setupPortDirection
                0x00000470       0x26 ./MCAL/GPIO/gpio.o
                0x00000470                GPIO_setupPortDirection
 .text.GPIO_writePort
                0x00000496       0x26 ./MCAL/GPIO/gpio.o
                0x00000496                GPIO_writePort
 .text.GPIO_readPort
                0x000004bc       0x2a ./MCAL/GPIO/gpio.o
                0x000004bc                GPIO_readPort
 .text.LCD_displayCharacter
                0x000004e6       0x52 ./HAL/LCD/lcd.o
                0x000004e6                LCD_displayCharacter
 .text.LCD_displayString
                0x00000538       0x26 ./HAL/LCD/lcd.o
                0x00000538                LCD_displayString
 .text.LCD_intgerToString
                0x0000055e       0x44 ./HAL/LCD/lcd.o
                0x0000055e                LCD_intgerToString
 .text.LCD_sendCommand
                0x000005a2       0x52 ./HAL/LCD/lcd.o
                0x000005a2                LCD_sendCommand
 .text.LCD_clearScreen
                0x000005f4        0x8 ./HAL/LCD/lcd.o
                0x000005f4                LCD_clearScreen
 .text.LCD_moveCursor
                0x000005fc       0x26 ./HAL/LCD/lcd.o
                0x000005fc                LCD_moveCursor
 .text.LCD_displayStringRowColumn
                0x00000622       0x16 ./HAL/LCD/lcd.o
                0x00000622                LCD_displayStringRowColumn
 .text.LCD_init
                0x00000638       0x38 ./HAL/LCD/lcd.o
                0x00000638                LCD_init
 .text.KEYPAD_getPressedKey
                0x00000670      0x14c ./HAL/KEYPAD/keypad.o
                0x00000670                KEYPAD_getPressedKey
 .text.g_tickCounterAlarm
                0x000007bc       0x1e ./Application/HMI_ECU.o
                0x000007bc                g_tickCounterAlarm
 .text.g_tickCounterMotor
                0x000007da       0x1e ./Application/HMI_ECU.o
                0x000007da                g_tickCounterMotor
 .text.lockingUnlockingScreen
                0x000007f8       0xa8 ./Application/HMI_ECU.o
                0x000007f8                lockingUnlockingScreen
 .text.PasswordDONTMATCHScreen
                0x000008a0       0x24 ./Application/HMI_ECU.o
                0x000008a0                PasswordDONTMATCHScreen
 .text.enterPassword
                0x000008c4       0xb0 ./Application/HMI_ECU.o
                0x000008c4                enterPassword
 .text.recieveCommand
                0x00000974       0x20 ./Application/HMI_ECU.o
                0x00000974                recieveCommand
 .text.sendCommand
                0x00000994       0x24 ./Application/HMI_ECU.o
                0x00000994                sendCommand
 .text.wrongPasswordScreen
                0x000009b8       0x7e ./Application/HMI_ECU.o
                0x000009b8                wrongPasswordScreen
 .text.SendPassword
                0x00000a36       0x42 ./Application/HMI_ECU.o
                0x00000a36                SendPassword
 .text.mainFucntion
                0x00000a78       0xfe ./Application/HMI_ECU.o
                0x00000a78                mainFucntion
 .text.createandStorePassword
                0x00000b76       0xac ./Application/HMI_ECU.o
                0x00000b76                createandStorePassword
 .text.main     0x00000c22       0x5c ./Application/HMI_ECU.o
                0x00000c22                main
 .text.libgcc   0x00000c7e       0x44 c:/winavr-20100110/bin/../lib/gcc/avr/4.3.3/avr5\libgcc.a(_udivmodsi4.o)
                0x00000c7e                __udivmodsi4
 .text.libgcc   0x00000cc2        0x0 c:/winavr-20100110/bin/../lib/gcc/avr/4.3.3/avr5\libgcc.a(_exit.o)
 .text.libgcc   0x00000cc2        0x0 c:/winavr-20100110/bin/../lib/gcc/avr/4.3.3/avr5\libgcc.a(_copy_data.o)
 .text.libgcc   0x00000cc2        0x0 c:/winavr-20100110/bin/../lib/gcc/avr/4.3.3/avr5\libgcc.a(_clear_bss.o)
 .text.avr-libc
                0x00000cc2       0x42 c:/winavr-20100110/bin/../lib/gcc/avr/4.3.3/../../../../avr/lib/avr5\libc.a(itoa.o)
                0x00000cc2                itoa
 .text.avr-libc
                0x00000d04       0x20 c:/winavr-20100110/bin/../lib/gcc/avr/4.3.3/../../../../avr/lib/avr5\libc.a(strrev.o)
                0x00000d04                strrev
 .text.libgcc   0x00000d24       0x28 c:/winavr-20100110/bin/../lib/gcc/avr/4.3.3/avr5\libgcc.a(_udivmodhi4.o)
                0x00000d24                __udivmodhi4
                0x00000d4c                . = ALIGN (0x2)
 *(.fini9)
 .fini9         0x00000d4c        0x0 c:/winavr-20100110/bin/../lib/gcc/avr/4.3.3/avr5\libgcc.a(_exit.o)
                0x00000d4c                exit
                0x00000d4c                _exit
 *(.fini9)
 *(.fini8)
 *(.fini8)
 *(.fini7)
 *(.fini7)
 *(.fini6)
 *(.fini6)
 *(.fini5)
 *(.fini5)
 *(.fini4)
 *(.fini4)
 *(.fini3)
 *(.fini3)
 *(.fini2)
 *(.fini2)
 *(.fini1)
 *(.fini1)
 *(.fini0)
 .fini0         0x00000d4c        0x4 c:/winavr-20100110/bin/../lib/gcc/avr/4.3.3/avr5\libgcc.a(_exit.o)
 *(.fini0)
                0x00000d50                _etext = .

.data           0x00800060       0xe8 load address 0x00000d50
                0x00800060                PROVIDE (__data_start, .)
 *(.data)
 .data          0x00800060        0x0 c:/winavr-20100110/bin/../lib/gcc/avr/4.3.3/../../../../avr/lib/avr5/crtm32.o
 .data          0x00800060        0x0 ./MCAL/UART/uart.o
 .data          0x00800060        0x0 ./MCAL/TIMER/timer.o
 .data          0x00800060        0x0 ./MCAL/GPIO/gpio.o
 .data          0x00800060        0x0 ./HAL/LCD/lcd.o
 .data          0x00800060        0x0 ./HAL/KEYPAD/keypad.o
 .data          0x00800060       0xd4 ./Application/HMI_ECU.o
 .data          0x00800134        0x0 c:/winavr-20100110/bin/../lib/gcc/avr/4.3.3/avr5\libgcc.a(_udivmodsi4.o)
 .data          0x00800134        0x0 c:/winavr-20100110/bin/../lib/gcc/avr/4.3.3/avr5\libgcc.a(_exit.o)
 .data          0x00800134        0x0 c:/winavr-20100110/bin/../lib/gcc/avr/4.3.3/avr5\libgcc.a(_copy_data.o)
 .data          0x00800134        0x0 c:/winavr-20100110/bin/../lib/gcc/avr/4.3.3/avr5\libgcc.a(_clear_bss.o)
 .data          0x00800134        0x0 c:/winavr-20100110/bin/../lib/gcc/avr/4.3.3/../../../../avr/lib/avr5\libc.a(itoa.o)
 .data          0x00800134        0x0 c:/winavr-20100110/bin/../lib/gcc/avr/4.3.3/../../../../avr/lib/avr5\libc.a(strrev.o)
 .data          0x00800134        0x0 c:/winavr-20100110/bin/../lib/gcc/avr/4.3.3/avr5\libgcc.a(_udivmodhi4.o)
 *(.data*)
 .data.ptr_states
                0x00800134        0x6 ./Application/HMI_ECU.o
                0x00800134                ptr_states
 .data.uart_config
                0x0080013a        0x7 ./Application/HMI_ECU.o
                0x0080013a                uart_config
 .data.timer1_config
                0x00800141        0x6 ./Application/HMI_ECU.o
                0x00800141                timer1_config
 *(.rodata)
 *(.rodata*)
 *(.gnu.linkonce.d*)
                0x00800148                . = ALIGN (0x2)
 *fill*         0x00800147        0x1 00
                0x00800148                _edata = .
                0x00800148                PROVIDE (__data_end, .)

.bss            0x00800148        0xe
                0x00800148                PROVIDE (__bss_start, .)
 *(.bss)
 .bss           0x00800148        0x0 c:/winavr-20100110/bin/../lib/gcc/avr/4.3.3/../../../../avr/lib/avr5/crtm32.o
 .bss           0x00800148        0x0 ./MCAL/UART/uart.o
 .bss           0x00800148        0x0 ./MCAL/TIMER/timer.o
 .bss           0x00800148        0x0 ./MCAL/GPIO/gpio.o
 .bss           0x00800148        0x0 ./HAL/LCD/lcd.o
 .bss           0x00800148        0x0 ./HAL/KEYPAD/keypad.o
 .bss           0x00800148        0x0 ./Application/HMI_ECU.o
 .bss           0x00800148        0x0 c:/winavr-20100110/bin/../lib/gcc/avr/4.3.3/avr5\libgcc.a(_udivmodsi4.o)
 .bss           0x00800148        0x0 c:/winavr-20100110/bin/../lib/gcc/avr/4.3.3/avr5\libgcc.a(_exit.o)
 .bss           0x00800148        0x0 c:/winavr-20100110/bin/../lib/gcc/avr/4.3.3/avr5\libgcc.a(_copy_data.o)
 .bss           0x00800148        0x0 c:/winavr-20100110/bin/../lib/gcc/avr/4.3.3/avr5\libgcc.a(_clear_bss.o)
 .bss           0x00800148        0x0 c:/winavr-20100110/bin/../lib/gcc/avr/4.3.3/../../../../avr/lib/avr5\libc.a(itoa.o)
 .bss           0x00800148        0x0 c:/winavr-20100110/bin/../lib/gcc/avr/4.3.3/../../../../avr/lib/avr5\libc.a(strrev.o)
 .bss           0x00800148        0x0 c:/winavr-20100110/bin/../lib/gcc/avr/4.3.3/avr5\libgcc.a(_udivmodhi4.o)
 *(.bss*)
 .bss.g_callBackPtr
                0x00800148        0x2 ./MCAL/TIMER/timer.o
 .bss.g_password
                0x0080014a        0x5 ./Application/HMI_ECU.o
                0x0080014a                g_password
 .bss.g_wrong   0x0080014f        0x1 ./Application/HMI_ECU.o
                0x0080014f                g_wrong
 .bss.g_tick    0x00800150        0x2 ./Application/HMI_ECU.o
                0x00800150                g_tick
 .bss.g_flag    0x00800152        0x1 ./Application/HMI_ECU.o
 .bss.g_stateNum
                0x00800153        0x1 ./Application/HMI_ECU.o
 *(COMMON)
 COMMON         0x00800154        0x2 ./Application/HMI_ECU.o
                0x00800154                command
                0x00800155                g_key
                0x00800156                PROVIDE (__bss_end, .)
                0x00000d50                __data_load_start = LOADADDR (.data)
                0x00000e38                __data_load_end = (__data_load_start + SIZEOF (.data))

.noinit         0x00800156        0x0
                0x00800156                PROVIDE (__noinit_start, .)
 *(.noinit*)
                0x00800156                PROVIDE (__noinit_end, .)
                0x00800156                _end = .
                0x00800156                PROVIDE (__heap_start, .)

.eeprom         0x00810000        0x0
 *(.eeprom*)
                0x00810000                __eeprom_end = .

.fuse
 *(.fuse)
 *(.lfuse)
 *(.hfuse)
 *(.efuse)

.lock
 *(.lock*)

.signature
 *(.signature*)

.stab
 *(.stab)

.stabstr
 *(.stabstr)

.stab.excl
 *(.stab.excl)

.stab.exclstr
 *(.stab.exclstr)

.stab.index
 *(.stab.index)

.stab.indexstr
 *(.stab.indexstr)

.comment
 *(.comment)

.debug
 *(.debug)

.line
 *(.line)

.debug_srcinfo
 *(.debug_srcinfo)

.debug_sfnames
 *(.debug_sfnames)

.debug_aranges
 *(.debug_aranges)

.debug_pubnames
 *(.debug_pubnames)

.debug_info
 *(.debug_info)
 *(.gnu.linkonce.wi.*)

.debug_abbrev
 *(.debug_abbrev)

.debug_line
 *(.debug_line)

.debug_frame
 *(.debug_frame)

.debug_str
 *(.debug_str)

.debug_loc
 *(.debug_loc)

.debug_macinfo
 *(.debug_macinfo)
OUTPUT(mc_1.elf elf32-avr)
LOAD linker stubs
